Archive member included to satisfy reference by file (symbol)

c:/program files (x86)/atmel/studio/7.0/toolchain/avr8/avr8-gnu-toolchain/bin/../lib/gcc/avr/5.4.0/avr5\libgcc.a(_exit.o)
                              c:/program files (x86)/atmel/studio/7.0/toolchain/avr8/avr8-gnu-toolchain/bin/../lib/gcc/avr/5.4.0/../../../../avr/lib/avr5/crtatmega32u4.o (exit)
c:/program files (x86)/atmel/studio/7.0/toolchain/avr8/avr8-gnu-toolchain/bin/../lib/gcc/avr/5.4.0/avr5\libgcc.a(_copy_data.o)
                              dbg/lllrc5.o (__do_copy_data)
c:/program files (x86)/atmel/studio/7.0/toolchain/avr8/avr8-gnu-toolchain/bin/../lib/gcc/avr/5.4.0/avr5\libgcc.a(_clear_bss.o)
                              dbg/blinky.o (__do_clear_bss)

Allocating common symbols
Common symbol       size              file

AO_Blinky           0x14              dbg/blinky.o
QF_maxActive_       0x1               dbg/qfn.o
AO_Refresher        0x16              dbg/refresher.o
AO_RC5Process       0x14              dbg/rc5process.o
QF_readySet_        0x1               dbg/qfn.o

Discarded input sections

 .data          0x00000000        0x0 c:/program files (x86)/atmel/studio/7.0/toolchain/avr8/avr8-gnu-toolchain/bin/../lib/gcc/avr/5.4.0/../../../../avr/lib/avr5/crtatmega32u4.o
 .bss           0x00000000        0x0 c:/program files (x86)/atmel/studio/7.0/toolchain/avr8/avr8-gnu-toolchain/bin/../lib/gcc/avr/5.4.0/../../../../avr/lib/avr5/crtatmega32u4.o
 .text          0x00000000        0x0 dbg/blinky.o
 .data          0x00000000        0x0 dbg/blinky.o
 .bss           0x00000000        0x0 dbg/blinky.o
 .text.Blinky_initial
                0x00000000       0x24 dbg/blinky.o
 .text.Blinky_off
                0x00000000       0x32 dbg/blinky.o
 .text.Blinky_on
                0x00000000       0x32 dbg/blinky.o
 .text.Blinky_ctor
                0x00000000        0xe dbg/blinky.o
 .comment       0x00000000       0x31 dbg/blinky.o
 COMMON         0x00000000       0x14 dbg/blinky.o
 .text          0x00000000        0x0 dbg/bsp.o
 .data          0x00000000        0x0 dbg/bsp.o
 .bss           0x00000000        0x0 dbg/bsp.o
 .text.BSP_ledOff
                0x00000000        0xa dbg/bsp.o
 .text.BSP_ledOn
                0x00000000        0xa dbg/bsp.o
 .text.BSP_terminate
                0x00000000        0x2 dbg/bsp.o
 .text.QF_onCleanup
                0x00000000        0x2 dbg/bsp.o
 .text          0x00000000        0x0 dbg/main.o
 .data          0x00000000        0x0 dbg/main.o
 .bss           0x00000000        0x0 dbg/main.o
 .text          0x00000000        0x0 dbg/lllrc5.o
 .data          0x00000000        0x0 dbg/lllrc5.o
 .bss           0x00000000        0x0 dbg/lllrc5.o
 .text.lllrc5DisableDecoder
                0x00000000       0x1a dbg/lllrc5.o
 .text          0x00000000        0x0 dbg/lllsys.o
 .data          0x00000000        0x0 dbg/lllsys.o
 .bss           0x00000000        0x0 dbg/lllsys.o
 .text.lllsysRegisterWakeUpCallback
                0x00000000        0xa dbg/lllsys.o
 .text.lllsysRegisterTimersCtrlTable
                0x00000000        0xa dbg/lllsys.o
 .text.lllsysInitOtherPeripherals
                0x00000000        0x6 dbg/lllsys.o
 .text.lllsysGoIntoSleepMode
                0x00000000       0x1c dbg/lllsys.o
 .text          0x00000000        0x0 dbg/lllio.o
 .data          0x00000000        0x0 dbg/lllio.o
 .bss           0x00000000        0x0 dbg/lllio.o
 .text.lllioInitButtons
                0x00000000       0x14 dbg/lllio.o
 .text.lllioGetButton1State
                0x00000000       0x10 dbg/lllio.o
 .text.lllioGetButton2State
                0x00000000       0x12 dbg/lllio.o
 .text.lllioButtonsStateControl
                0x00000000       0x8e dbg/lllio.o
 .text.lllioToggleGreenLed
                0x00000000        0x8 dbg/lllio.o
 .data.buttonsCtrl
                0x00000000        0x3 dbg/lllio.o
 .text          0x00000000        0x0 dbg/rc5.o
 .data          0x00000000        0x0 dbg/rc5.o
 .bss           0x00000000        0x0 dbg/rc5.o
 .text.rc5EnableDecoder
                0x00000000        0xc dbg/rc5.o
 .text.rc5DisableDecoder
                0x00000000        0xc dbg/rc5.o
 .text.rc5SetDevicesAddress
                0x00000000        0x6 dbg/rc5.o
 .text          0x00000000        0x0 dbg/rc5process.o
 .data          0x00000000        0x0 dbg/rc5process.o
 .bss           0x00000000        0x0 dbg/rc5process.o
 .text          0x00000000        0x0 dbg/refresher.o
 .data          0x00000000        0x0 dbg/refresher.o
 .bss           0x00000000        0x0 dbg/refresher.o
 .text          0x00000000        0x0 dbg/qepn.o
 .data          0x00000000        0x0 dbg/qepn.o
 .bss           0x00000000        0x0 dbg/qepn.o
 .text.QHsm_childState_
                0x00000000       0x6c dbg/qepn.o
 .progmem.data.QP_versionStr
                0x00000000        0x6 dbg/qepn.o
 .text          0x00000000        0x0 dbg/qfn.o
 .data          0x00000000        0x0 dbg/qfn.o
 .bss           0x00000000        0x0 dbg/qfn.o
 .text          0x00000000        0x0 dbg/qvn.o
 .data          0x00000000        0x0 dbg/qvn.o
 .bss           0x00000000        0x0 dbg/qvn.o
 .text          0x00000000        0x0 c:/program files (x86)/atmel/studio/7.0/toolchain/avr8/avr8-gnu-toolchain/bin/../lib/gcc/avr/5.4.0/avr5\libgcc.a(_exit.o)
 .data          0x00000000        0x0 c:/program files (x86)/atmel/studio/7.0/toolchain/avr8/avr8-gnu-toolchain/bin/../lib/gcc/avr/5.4.0/avr5\libgcc.a(_exit.o)
 .bss           0x00000000        0x0 c:/program files (x86)/atmel/studio/7.0/toolchain/avr8/avr8-gnu-toolchain/bin/../lib/gcc/avr/5.4.0/avr5\libgcc.a(_exit.o)
 .text.libgcc.mul
                0x00000000        0x0 c:/program files (x86)/atmel/studio/7.0/toolchain/avr8/avr8-gnu-toolchain/bin/../lib/gcc/avr/5.4.0/avr5\libgcc.a(_exit.o)
 .text.libgcc.div
                0x00000000        0x0 c:/program files (x86)/atmel/studio/7.0/toolchain/avr8/avr8-gnu-toolchain/bin/../lib/gcc/avr/5.4.0/avr5\libgcc.a(_exit.o)
 .text.libgcc   0x00000000        0x0 c:/program files (x86)/atmel/studio/7.0/toolchain/avr8/avr8-gnu-toolchain/bin/../lib/gcc/avr/5.4.0/avr5\libgcc.a(_exit.o)
 .text.libgcc.prologue
                0x00000000        0x0 c:/program files (x86)/atmel/studio/7.0/toolchain/avr8/avr8-gnu-toolchain/bin/../lib/gcc/avr/5.4.0/avr5\libgcc.a(_exit.o)
 .text.libgcc.builtins
                0x00000000        0x0 c:/program files (x86)/atmel/studio/7.0/toolchain/avr8/avr8-gnu-toolchain/bin/../lib/gcc/avr/5.4.0/avr5\libgcc.a(_exit.o)
 .text.libgcc.fmul
                0x00000000        0x0 c:/program files (x86)/atmel/studio/7.0/toolchain/avr8/avr8-gnu-toolchain/bin/../lib/gcc/avr/5.4.0/avr5\libgcc.a(_exit.o)
 .text.libgcc.fixed
                0x00000000        0x0 c:/program files (x86)/atmel/studio/7.0/toolchain/avr8/avr8-gnu-toolchain/bin/../lib/gcc/avr/5.4.0/avr5\libgcc.a(_exit.o)
 .text          0x00000000        0x0 c:/program files (x86)/atmel/studio/7.0/toolchain/avr8/avr8-gnu-toolchain/bin/../lib/gcc/avr/5.4.0/avr5\libgcc.a(_copy_data.o)
 .data          0x00000000        0x0 c:/program files (x86)/atmel/studio/7.0/toolchain/avr8/avr8-gnu-toolchain/bin/../lib/gcc/avr/5.4.0/avr5\libgcc.a(_copy_data.o)
 .bss           0x00000000        0x0 c:/program files (x86)/atmel/studio/7.0/toolchain/avr8/avr8-gnu-toolchain/bin/../lib/gcc/avr/5.4.0/avr5\libgcc.a(_copy_data.o)
 .text.libgcc.mul
                0x00000000        0x0 c:/program files (x86)/atmel/studio/7.0/toolchain/avr8/avr8-gnu-toolchain/bin/../lib/gcc/avr/5.4.0/avr5\libgcc.a(_copy_data.o)
 .text.libgcc.div
                0x00000000        0x0 c:/program files (x86)/atmel/studio/7.0/toolchain/avr8/avr8-gnu-toolchain/bin/../lib/gcc/avr/5.4.0/avr5\libgcc.a(_copy_data.o)
 .text.libgcc   0x00000000        0x0 c:/program files (x86)/atmel/studio/7.0/toolchain/avr8/avr8-gnu-toolchain/bin/../lib/gcc/avr/5.4.0/avr5\libgcc.a(_copy_data.o)
 .text.libgcc.prologue
                0x00000000        0x0 c:/program files (x86)/atmel/studio/7.0/toolchain/avr8/avr8-gnu-toolchain/bin/../lib/gcc/avr/5.4.0/avr5\libgcc.a(_copy_data.o)
 .text.libgcc.builtins
                0x00000000        0x0 c:/program files (x86)/atmel/studio/7.0/toolchain/avr8/avr8-gnu-toolchain/bin/../lib/gcc/avr/5.4.0/avr5\libgcc.a(_copy_data.o)
 .text.libgcc.fmul
                0x00000000        0x0 c:/program files (x86)/atmel/studio/7.0/toolchain/avr8/avr8-gnu-toolchain/bin/../lib/gcc/avr/5.4.0/avr5\libgcc.a(_copy_data.o)
 .text.libgcc.fixed
                0x00000000        0x0 c:/program files (x86)/atmel/studio/7.0/toolchain/avr8/avr8-gnu-toolchain/bin/../lib/gcc/avr/5.4.0/avr5\libgcc.a(_copy_data.o)
 .text          0x00000000        0x0 c:/program files (x86)/atmel/studio/7.0/toolchain/avr8/avr8-gnu-toolchain/bin/../lib/gcc/avr/5.4.0/avr5\libgcc.a(_clear_bss.o)
 .data          0x00000000        0x0 c:/program files (x86)/atmel/studio/7.0/toolchain/avr8/avr8-gnu-toolchain/bin/../lib/gcc/avr/5.4.0/avr5\libgcc.a(_clear_bss.o)
 .bss           0x00000000        0x0 c:/program files (x86)/atmel/studio/7.0/toolchain/avr8/avr8-gnu-toolchain/bin/../lib/gcc/avr/5.4.0/avr5\libgcc.a(_clear_bss.o)
 .text.libgcc.mul
                0x00000000        0x0 c:/program files (x86)/atmel/studio/7.0/toolchain/avr8/avr8-gnu-toolchain/bin/../lib/gcc/avr/5.4.0/avr5\libgcc.a(_clear_bss.o)
 .text.libgcc.div
                0x00000000        0x0 c:/program files (x86)/atmel/studio/7.0/toolchain/avr8/avr8-gnu-toolchain/bin/../lib/gcc/avr/5.4.0/avr5\libgcc.a(_clear_bss.o)
 .text.libgcc   0x00000000        0x0 c:/program files (x86)/atmel/studio/7.0/toolchain/avr8/avr8-gnu-toolchain/bin/../lib/gcc/avr/5.4.0/avr5\libgcc.a(_clear_bss.o)
 .text.libgcc.prologue
                0x00000000        0x0 c:/program files (x86)/atmel/studio/7.0/toolchain/avr8/avr8-gnu-toolchain/bin/../lib/gcc/avr/5.4.0/avr5\libgcc.a(_clear_bss.o)
 .text.libgcc.builtins
                0x00000000        0x0 c:/program files (x86)/atmel/studio/7.0/toolchain/avr8/avr8-gnu-toolchain/bin/../lib/gcc/avr/5.4.0/avr5\libgcc.a(_clear_bss.o)
 .text.libgcc.fmul
                0x00000000        0x0 c:/program files (x86)/atmel/studio/7.0/toolchain/avr8/avr8-gnu-toolchain/bin/../lib/gcc/avr/5.4.0/avr5\libgcc.a(_clear_bss.o)
 .text.libgcc.fixed
                0x00000000        0x0 c:/program files (x86)/atmel/studio/7.0/toolchain/avr8/avr8-gnu-toolchain/bin/../lib/gcc/avr/5.4.0/avr5\libgcc.a(_clear_bss.o)

Memory Configuration

Name             Origin             Length             Attributes
text             0x00000000         0x00020000         xr
data             0x00800060         0x0000ffa0         rw !x
eeprom           0x00810000         0x00010000         rw !x
fuse             0x00820000         0x00000003         rw !x
lock             0x00830000         0x00000400         rw !x
signature        0x00840000         0x00000400         rw !x
user_signatures  0x00850000         0x00000400         rw !x
*default*        0x00000000         0xffffffff

Linker script and memory map

Address of section .data set to 0x800100
LOAD c:/program files (x86)/atmel/studio/7.0/toolchain/avr8/avr8-gnu-toolchain/bin/../lib/gcc/avr/5.4.0/../../../../avr/lib/avr5/crtatmega32u4.o
LOAD dbg/blinky.o
LOAD dbg/bsp.o
LOAD dbg/main.o
LOAD dbg/lllrc5.o
LOAD dbg/lllsys.o
LOAD dbg/lllio.o
LOAD dbg/rc5.o
LOAD dbg/rc5process.o
LOAD dbg/refresher.o
LOAD dbg/qepn.o
LOAD dbg/qfn.o
LOAD dbg/qvn.o
START GROUP
LOAD c:/program files (x86)/atmel/studio/7.0/toolchain/avr8/avr8-gnu-toolchain/bin/../lib/gcc/avr/5.4.0/avr5\libgcc.a
LOAD c:/program files (x86)/atmel/studio/7.0/toolchain/avr8/avr8-gnu-toolchain/bin/../lib/gcc/avr/5.4.0/../../../../avr/lib/avr5\libm.a
LOAD c:/program files (x86)/atmel/studio/7.0/toolchain/avr8/avr8-gnu-toolchain/bin/../lib/gcc/avr/5.4.0/../../../../avr/lib/avr5\libc.a
LOAD c:/program files (x86)/atmel/studio/7.0/toolchain/avr8/avr8-gnu-toolchain/bin/../lib/gcc/avr/5.4.0/../../../../avr/lib/avr5\libatmega32u4.a
END GROUP
                0x00020000                __TEXT_REGION_LENGTH__ = DEFINED (__TEXT_REGION_LENGTH__)?__TEXT_REGION_LENGTH__:0x20000
                0x0000ffa0                __DATA_REGION_LENGTH__ = DEFINED (__DATA_REGION_LENGTH__)?__DATA_REGION_LENGTH__:0xffa0
                0x00010000                __EEPROM_REGION_LENGTH__ = DEFINED (__EEPROM_REGION_LENGTH__)?__EEPROM_REGION_LENGTH__:0x10000
                [0x00000003]                __FUSE_REGION_LENGTH__ = DEFINED (__FUSE_REGION_LENGTH__)?__FUSE_REGION_LENGTH__:0x400
                0x00000400                __LOCK_REGION_LENGTH__ = DEFINED (__LOCK_REGION_LENGTH__)?__LOCK_REGION_LENGTH__:0x400
                0x00000400                __SIGNATURE_REGION_LENGTH__ = DEFINED (__SIGNATURE_REGION_LENGTH__)?__SIGNATURE_REGION_LENGTH__:0x400
                0x00000400                __USER_SIGNATURE_REGION_LENGTH__ = DEFINED (__USER_SIGNATURE_REGION_LENGTH__)?__USER_SIGNATURE_REGION_LENGTH__:0x400

.hash
 *(.hash)

.dynsym
 *(.dynsym)

.dynstr
 *(.dynstr)

.gnu.version
 *(.gnu.version)

.gnu.version_d
 *(.gnu.version_d)

.gnu.version_r
 *(.gnu.version_r)

.rel.init
 *(.rel.init)

.rela.init
 *(.rela.init)

.rel.text
 *(.rel.text)
 *(.rel.text.*)
 *(.rel.gnu.linkonce.t*)

.rela.text
 *(.rela.text)
 *(.rela.text.*)
 *(.rela.gnu.linkonce.t*)

.rel.fini
 *(.rel.fini)

.rela.fini
 *(.rela.fini)

.rel.rodata
 *(.rel.rodata)
 *(.rel.rodata.*)
 *(.rel.gnu.linkonce.r*)

.rela.rodata
 *(.rela.rodata)
 *(.rela.rodata.*)
 *(.rela.gnu.linkonce.r*)

.rel.data
 *(.rel.data)
 *(.rel.data.*)
 *(.rel.gnu.linkonce.d*)

.rela.data
 *(.rela.data)
 *(.rela.data.*)
 *(.rela.gnu.linkonce.d*)

.rel.ctors
 *(.rel.ctors)

.rela.ctors
 *(.rela.ctors)

.rel.dtors
 *(.rel.dtors)

.rela.dtors
 *(.rela.dtors)

.rel.got
 *(.rel.got)

.rela.got
 *(.rela.got)

.rel.bss
 *(.rel.bss)

.rela.bss
 *(.rela.bss)

.rel.plt
 *(.rel.plt)

.rela.plt
 *(.rela.plt)

.text           0x00000000     0x13be
 *(.vectors)
 .vectors       0x00000000       0xac c:/program files (x86)/atmel/studio/7.0/toolchain/avr8/avr8-gnu-toolchain/bin/../lib/gcc/avr/5.4.0/../../../../avr/lib/avr5/crtatmega32u4.o
                0x00000000                __vector_default
                0x00000000                __vectors
 *(.vectors)
 *(.progmem.gcc*)
                0x000000ac                . = ALIGN (0x2)
                0x000000ac                __trampolines_start = .
 *(.trampolines)
 .trampolines   0x000000ac        0x0 linker stubs
 *(.trampolines*)
                0x000000ac                __trampolines_end = .
 *libprintf_flt.a:*(.progmem.data)
 *libc.a:*(.progmem.data)
 *(.progmem*)
 .progmem.data.QF_active
                0x000000ac        0xf dbg/main.o
                0x000000ac                QF_active
 .progmem.data.Q_this_module_
                0x000000bb        0x5 dbg/qepn.o
 .progmem.data.QF_log2Lkup
                0x000000c0       0x10 dbg/qfn.o
                0x000000c0                QF_log2Lkup
 .progmem.data.Q_this_module_
                0x000000d0        0x4 dbg/qfn.o
 .progmem.data.Q_this_module_
                0x000000d4        0x4 dbg/qvn.o
                0x000000d8                . = ALIGN (0x2)
 *(.jumptables)
 *(.jumptables*)
 *(.lowtext)
 *(.lowtext*)
                0x000000d8                __ctors_start = .
 *(.ctors)
                0x000000d8                __ctors_end = .
                0x000000d8                __dtors_start = .
 *(.dtors)
                0x000000d8                __dtors_end = .
 SORT(*)(.ctors)
 SORT(*)(.dtors)
 *(.init0)
 .init0         0x000000d8        0x0 c:/program files (x86)/atmel/studio/7.0/toolchain/avr8/avr8-gnu-toolchain/bin/../lib/gcc/avr/5.4.0/../../../../avr/lib/avr5/crtatmega32u4.o
                0x000000d8                __init
 *(.init0)
 *(.init1)
 *(.init1)
 *(.init2)
 .init2         0x000000d8        0xc c:/program files (x86)/atmel/studio/7.0/toolchain/avr8/avr8-gnu-toolchain/bin/../lib/gcc/avr/5.4.0/../../../../avr/lib/avr5/crtatmega32u4.o
 *(.init2)
 *(.init3)
 *(.init3)
 *(.init4)
 .init4         0x000000e4       0x16 c:/program files (x86)/atmel/studio/7.0/toolchain/avr8/avr8-gnu-toolchain/bin/../lib/gcc/avr/5.4.0/avr5\libgcc.a(_copy_data.o)
                0x000000e4                __do_copy_data
 .init4         0x000000fa       0x10 c:/program files (x86)/atmel/studio/7.0/toolchain/avr8/avr8-gnu-toolchain/bin/../lib/gcc/avr/5.4.0/avr5\libgcc.a(_clear_bss.o)
                0x000000fa                __do_clear_bss
 *(.init4)
 *(.init5)
 *(.init5)
 *(.init6)
 *(.init6)
 *(.init7)
 *(.init7)
 *(.init8)
 *(.init8)
 *(.init9)
 .init9         0x0000010a        0x8 c:/program files (x86)/atmel/studio/7.0/toolchain/avr8/avr8-gnu-toolchain/bin/../lib/gcc/avr/5.4.0/../../../../avr/lib/avr5/crtatmega32u4.o
 *(.init9)
 *(.text)
 .text          0x00000112        0x4 c:/program files (x86)/atmel/studio/7.0/toolchain/avr8/avr8-gnu-toolchain/bin/../lib/gcc/avr/5.4.0/../../../../avr/lib/avr5/crtatmega32u4.o
                0x00000112                __vector_38
                0x00000112                __vector_22
                0x00000112                __vector_28
                0x00000112                __vector_1
                0x00000112                __vector_34
                0x00000112                __vector_24
                0x00000112                __vector_12
                0x00000112                __bad_interrupt
                0x00000112                __vector_6
                0x00000112                __vector_31
                0x00000112                __vector_35
                0x00000112                __vector_39
                0x00000112                __vector_3
                0x00000112                __vector_23
                0x00000112                __vector_30
                0x00000112                __vector_25
                0x00000112                __vector_11
                0x00000112                __vector_13
                0x00000112                __vector_19
                0x00000112                __vector_41
                0x00000112                __vector_27
                0x00000112                __vector_5
                0x00000112                __vector_33
                0x00000112                __vector_37
                0x00000112                __vector_4
                0x00000112                __vector_2
                0x00000112                __vector_21
                0x00000112                __vector_15
                0x00000112                __vector_36
                0x00000112                __vector_29
                0x00000112                __vector_40
                0x00000112                __vector_8
                0x00000112                __vector_26
                0x00000112                __vector_14
                0x00000112                __vector_10
                0x00000112                __vector_16
                0x00000112                __vector_18
                0x00000112                __vector_20
                0x00000112                __vector_42
                0x00000116                . = ALIGN (0x2)
 *(.text.*)
 .text.BSP_init
                0x00000116       0x1a dbg/bsp.o
                0x00000116                BSP_init
 .text.QF_onStartup
                0x00000130        0x2 dbg/bsp.o
                0x00000130                QF_onStartup
 .text.QV_onIdle
                0x00000132        0x4 dbg/bsp.o
                0x00000132                QV_onIdle
 .text.Q_onAssert
                0x00000136        0x8 dbg/bsp.o
                0x00000136                Q_onAssert
 .text.main     0x0000013e       0x18 dbg/main.o
                0x0000013e                main
 .text.__rc5dummyCallback
                0x00000156        0x2 dbg/lllrc5.o
 .text.__extIntStartMeasure
                0x00000158       0x4c dbg/lllrc5.o
 .text.__extIntStartSample
                0x000001a4       0x6e dbg/lllrc5.o
 .text.__halfBitMaxPeriodReached
                0x00000212       0x22 dbg/lllrc5.o
 .text.__sampleRC5data
                0x00000234       0xc0 dbg/lllrc5.o
 .text.lllrc5GetDataFrames
                0x000002f4       0x1c dbg/lllrc5.o
                0x000002f4                lllrc5GetDataFrames
 .text.lllrc5InitModule
                0x00000310       0x4c dbg/lllrc5.o
                0x00000310                lllrc5InitModule
 .text.lllrc5dataCompleteCallbackRegister
                0x0000035c        0xa dbg/lllrc5.o
                0x0000035c                lllrc5dataCompleteCallbackRegister
 .text.__vector_7
                0x00000366       0x88 dbg/lllrc5.o
                0x00000366                __vector_7
 .text.__vector_17
                0x000003ee       0x4e dbg/lllrc5.o
                0x000003ee                __vector_17
 .text.dummyWakeUpCallback
                0x0000043c        0x2 dbg/lllsys.o
 .text.lllsysEnableInterrupts
                0x0000043e        0x4 dbg/lllsys.o
                0x0000043e                lllsysEnableInterrupts
 .text.lllsysDisableInterrupts
                0x00000442        0x4 dbg/lllsys.o
                0x00000442                lllsysDisableInterrupts
 .text.lllsysSleepAndWakeUpInit
                0x00000446       0x22 dbg/lllsys.o
                0x00000446                lllsysSleepAndWakeUpInit
 .text.__vector_32
                0x00000468       0x9e dbg/lllsys.o
                0x00000468                __vector_32
 .text.__vector_9
                0x00000506       0x14 dbg/lllsys.o
                0x00000506                __vector_9
 .text.lllioInitLeds
                0x0000051a        0xa dbg/lllio.o
                0x0000051a                lllioInitLeds
 .text.lllioToggleRedLed
                0x00000524        0xa dbg/lllio.o
                0x00000524                lllioToggleRedLed
 .text.lllioSetLEDState
                0x0000052e       0x44 dbg/lllio.o
                0x0000052e                lllioSetLEDState
 .text.lllioRefresherOn
                0x00000572        0x4 dbg/lllio.o
                0x00000572                lllioRefresherOn
 .text.lllioRefresherOff
                0x00000576        0x4 dbg/lllio.o
                0x00000576                lllioRefresherOff
 .text.lllioInitRefresher
                0x0000057a        0x6 dbg/lllio.o
                0x0000057a                lllioInitRefresher
 .text.rc5dataReadyCallback
                0x00000580       0x26 dbg/rc5.o
 .text.rc5InitDecoder
                0x000005a6       0x36 dbg/rc5.o
                0x000005a6                rc5InitDecoder
 .text.rc5GetCommand
                0x000005dc       0xc4 dbg/rc5.o
                0x000005dc                rc5GetCommand
 .text.RC5Process_initial
                0x000006a0        0xe dbg/rc5process.o
 .text.RC5Process_process_rc5_cmd
                0x000006ae       0xba dbg/rc5process.o
 .text.RC5Process_ctor
                0x00000768        0xe dbg/rc5process.o
                0x00000768                RC5Process_ctor
 .text.Refresher_initial
                0x00000776        0xe dbg/refresher.o
 .text.Refresher_off
                0x00000784       0x22 dbg/refresher.o
 .text.Refresher_wait
                0x000007a6       0x80 dbg/refresher.o
 .text.Refresher_on
                0x00000826       0x40 dbg/refresher.o
 .text.Refresher_set_intervals
                0x00000866       0xac dbg/refresher.o
 .text.Refresher_refresh
                0x00000912       0x58 dbg/refresher.o
 .text.Refresher_ctor
                0x0000096a       0x1a dbg/refresher.o
                0x0000096a                Refresher_ctor
 .text.QHsm_top
                0x00000984        0x4 dbg/qepn.o
                0x00000984                QHsm_top
 .text.QHsm_init_
                0x00000988      0x15e dbg/qepn.o
                0x00000988                QHsm_init_
 .text.QHsm_dispatch_
                0x00000ae6      0x3a0 dbg/qepn.o
                0x00000ae6                QHsm_dispatch_
 .text.QHsm_ctor
                0x00000e86       0x18 dbg/qepn.o
                0x00000e86                QHsm_ctor
 .text.QActive_postX_
                0x00000e9e       0xea dbg/qfn.o
                0x00000e9e                QActive_postX_
 .text.QActive_postXISR_
                0x00000f88       0xe6 dbg/qfn.o
                0x00000f88                QActive_postXISR_
 .text.QActive_ctor
                0x0000106e       0x18 dbg/qfn.o
                0x0000106e                QActive_ctor
 .text.QF_init  0x00001086       0x7e dbg/qfn.o
                0x00001086                QF_init
 .text.QF_tickXISR
                0x00001104       0x8a dbg/qfn.o
                0x00001104                QF_tickXISR
 .text.QActive_armX
                0x0000118e       0x2e dbg/qfn.o
                0x0000118e                QActive_armX
 .text.QActive_disarmX
                0x000011bc       0x2e dbg/qfn.o
                0x000011bc                QActive_disarmX
 .text.QF_run   0x000011ea      0x1d0 dbg/qvn.o
                0x000011ea                QF_run
                0x000013ba                . = ALIGN (0x2)
 *(.fini9)
 .fini9         0x000013ba        0x0 c:/program files (x86)/atmel/studio/7.0/toolchain/avr8/avr8-gnu-toolchain/bin/../lib/gcc/avr/5.4.0/avr5\libgcc.a(_exit.o)
                0x000013ba                _exit
                0x000013ba                exit
 *(.fini9)
 *(.fini8)
 *(.fini8)
 *(.fini7)
 *(.fini7)
 *(.fini6)
 *(.fini6)
 *(.fini5)
 *(.fini5)
 *(.fini4)
 *(.fini4)
 *(.fini3)
 *(.fini3)
 *(.fini2)
 *(.fini2)
 *(.fini1)
 *(.fini1)
 *(.fini0)
 .fini0         0x000013ba        0x4 c:/program files (x86)/atmel/studio/7.0/toolchain/avr8/avr8-gnu-toolchain/bin/../lib/gcc/avr/5.4.0/avr5\libgcc.a(_exit.o)
 *(.fini0)
                0x000013be                _etext = .

.data           0x00800100       0x1a load address 0x000013be
                0x00800100                PROVIDE (__data_start, .)
 *(.data)
 *(.data*)
 .data.compareHandler
                0x00800100        0x2 dbg/lllrc5.o
 .data.rc5dataCompleteCallback
                0x00800102        0x2 dbg/lllrc5.o
 .data.wakeUpCallback
                0x00800104        0x2 dbg/lllsys.o
 .data.first.2063
                0x00800106        0x1 dbg/rc5.o
 *(.gnu.linkonce.d*)
 *(.rodata)
 *(.rodata*)
 .rodata.extIntSM
                0x00800107        0x6 dbg/lllrc5.o
 .rodata.vtbl.1902
                0x0080010d        0x4 dbg/qepn.o
 .rodata.vtbl.1901
                0x00800111        0x8 dbg/qfn.o
 *(.gnu.linkonce.r*)
                0x0080011a                . = ALIGN (0x2)
 *fill*         0x00800119        0x1 
                0x0080011a                _edata = .
                0x0080011a                PROVIDE (__data_end, .)

.bss            0x0080011a       0x60
                0x0080011a                PROVIDE (__bss_start, .)
 *(.bss)
 *(.bss*)
 .bss.l_refresherQSto
                0x0080011a       0x14 dbg/main.o
 .bss.l_rc5processQSto
                0x0080012e        0xa dbg/main.o
 .bss.isPositiveFrame.1722
                0x00800138        0x1 dbg/lllrc5.o
 .bss.stateID   0x00800139        0x1 dbg/lllrc5.o
 .bss.rc5RxBuffer
                0x0080013a        0x7 dbg/lllrc5.o
 .bss.timer_idx.2004
                0x00800141        0x1 dbg/lllsys.o
 .bss.lllsys_timers_ctrl_tab_ptr
                0x00800142        0x2 dbg/lllsys.o
 .bss.previousToggleBitState.2062
                0x00800144        0x1 dbg/rc5.o
 .bss.rc5framesLocal
                0x00800145        0x4 dbg/rc5.o
                0x00800145                rc5framesLocal
 .bss.rc5Data   0x00800149        0x3 dbg/rc5.o
 .bss.RC5DecoderStatus
                0x0080014c        0x2 dbg/rc5.o
 *(COMMON)
 COMMON         0x0080014e       0x14 dbg/rc5process.o
                0x0080014e                AO_RC5Process
 COMMON         0x00800162       0x16 dbg/refresher.o
                0x00800162                AO_Refresher
 COMMON         0x00800178        0x2 dbg/qfn.o
                0x00800178                QF_maxActive_
                0x00800179                QF_readySet_
                0x0080017a                PROVIDE (__bss_end, .)
                0x000013be                __data_load_start = LOADADDR (.data)
                0x000013d8                __data_load_end = (__data_load_start + SIZEOF (.data))

.noinit         0x0080017a        0x0
                [!provide]                PROVIDE (__noinit_start, .)
 *(.noinit*)
                [!provide]                PROVIDE (__noinit_end, .)
                0x0080017a                _end = .
                [!provide]                PROVIDE (__heap_start, .)

.eeprom         0x00810000        0x0
 *(.eeprom*)
                0x00810000                __eeprom_end = .

.fuse
 *(.fuse)
 *(.lfuse)
 *(.hfuse)
 *(.efuse)

.lock
 *(.lock*)

.signature
 *(.signature*)

.user_signatures
 *(.user_signatures*)

.stab
 *(.stab)

.stabstr
 *(.stabstr)

.stab.excl
 *(.stab.excl)

.stab.exclstr
 *(.stab.exclstr)

.stab.index
 *(.stab.index)

.stab.indexstr
 *(.stab.indexstr)

.comment        0x00000000       0x30
 *(.comment)
 .comment       0x00000000       0x30 dbg/bsp.o
                                 0x31 (size before relaxing)
 .comment       0x00000030       0x31 dbg/main.o
 .comment       0x00000030       0x31 dbg/lllrc5.o
 .comment       0x00000030       0x31 dbg/lllsys.o
 .comment       0x00000030       0x31 dbg/lllio.o
 .comment       0x00000030       0x31 dbg/rc5.o
 .comment       0x00000030       0x31 dbg/rc5process.o
 .comment       0x00000030       0x31 dbg/refresher.o
 .comment       0x00000030       0x31 dbg/qepn.o
 .comment       0x00000030       0x31 dbg/qfn.o
 .comment       0x00000030       0x31 dbg/qvn.o

.note.gnu.avr.deviceinfo
                0x00000000       0x40
 .note.gnu.avr.deviceinfo
                0x00000000       0x40 c:/program files (x86)/atmel/studio/7.0/toolchain/avr8/avr8-gnu-toolchain/bin/../lib/gcc/avr/5.4.0/../../../../avr/lib/avr5/crtatmega32u4.o

.note.gnu.build-id
 *(.note.gnu.build-id)

.debug
 *(.debug)

.line
 *(.line)

.debug_srcinfo
 *(.debug_srcinfo)

.debug_sfnames
 *(.debug_sfnames)

.debug_aranges
 *(.debug_aranges)

.debug_pubnames
 *(.debug_pubnames)

.debug_info     0x00000000      0x9f4
 *(.debug_info .gnu.linkonce.wi.*)
 .debug_info    0x00000000      0x9f4 c:/program files (x86)/atmel/studio/7.0/toolchain/avr8/avr8-gnu-toolchain/bin/../lib/gcc/avr/5.4.0/../../../../avr/lib/avr5/crtatmega32u4.o

.debug_abbrev   0x00000000      0x96a
 *(.debug_abbrev)
 .debug_abbrev  0x00000000      0x96a c:/program files (x86)/atmel/studio/7.0/toolchain/avr8/avr8-gnu-toolchain/bin/../lib/gcc/avr/5.4.0/../../../../avr/lib/avr5/crtatmega32u4.o

.debug_line     0x00000000       0x1a
 *(.debug_line .debug_line.* .debug_line_end)
 .debug_line    0x00000000       0x1a c:/program files (x86)/atmel/studio/7.0/toolchain/avr8/avr8-gnu-toolchain/bin/../lib/gcc/avr/5.4.0/../../../../avr/lib/avr5/crtatmega32u4.o

.debug_frame
 *(.debug_frame)

.debug_str      0x00000000      0x371
 *(.debug_str)
 .debug_str     0x00000000      0x371 c:/program files (x86)/atmel/studio/7.0/toolchain/avr8/avr8-gnu-toolchain/bin/../lib/gcc/avr/5.4.0/../../../../avr/lib/avr5/crtatmega32u4.o

.debug_loc
 *(.debug_loc)

.debug_macinfo
 *(.debug_macinfo)

.debug_weaknames
 *(.debug_weaknames)

.debug_funcnames
 *(.debug_funcnames)

.debug_typenames
 *(.debug_typenames)

.debug_varnames
 *(.debug_varnames)

.debug_pubtypes
 *(.debug_pubtypes)

.debug_ranges
 *(.debug_ranges)

.debug_macro
 *(.debug_macro)
OUTPUT(dbg/refresher-m32u4.elf elf32-avr)
LOAD linker stubs

Cross Reference Table

Symbol                                            File
AO_Blinky                                         dbg/blinky.o
AO_RC5Process                                     dbg/rc5process.o
                                                  dbg/rc5.o
                                                  dbg/main.o
AO_Refresher                                      dbg/refresher.o
                                                  dbg/rc5process.o
                                                  dbg/main.o
BSP_init                                          dbg/bsp.o
                                                  dbg/main.o
BSP_ledOff                                        dbg/bsp.o
                                                  dbg/blinky.o
BSP_ledOn                                         dbg/bsp.o
                                                  dbg/blinky.o
BSP_terminate                                     dbg/bsp.o
Blinky_ctor                                       dbg/blinky.o
QActive_armX                                      dbg/qfn.o
                                                  dbg/refresher.o
                                                  dbg/blinky.o
QActive_ctor                                      dbg/qfn.o
                                                  dbg/refresher.o
                                                  dbg/rc5process.o
                                                  dbg/blinky.o
QActive_disarmX                                   dbg/qfn.o
                                                  dbg/refresher.o
QActive_postXISR_                                 dbg/qfn.o
QActive_postX_                                    dbg/qfn.o
QF_active                                         dbg/main.o
                                                  dbg/qvn.o
                                                  dbg/qfn.o
QF_init                                           dbg/qfn.o
                                                  dbg/main.o
QF_log2Lkup                                       dbg/qfn.o
                                                  dbg/qvn.o
QF_maxActive_                                     dbg/qfn.o
                                                  dbg/qvn.o
QF_onCleanup                                      dbg/bsp.o
QF_onStartup                                      dbg/bsp.o
                                                  dbg/qvn.o
QF_readySet_                                      dbg/qfn.o
                                                  dbg/qvn.o
QF_run                                            dbg/qvn.o
                                                  dbg/main.o
QF_tickXISR                                       dbg/qfn.o
                                                  dbg/lllsys.o
QHsm_childState_                                  dbg/qepn.o
QHsm_ctor                                         dbg/qepn.o
                                                  dbg/qfn.o
QHsm_dispatch_                                    dbg/qepn.o
                                                  dbg/qfn.o
QHsm_init_                                        dbg/qepn.o
                                                  dbg/qfn.o
QHsm_top                                          dbg/qepn.o
                                                  dbg/refresher.o
                                                  dbg/rc5process.o
                                                  dbg/blinky.o
QP_versionStr                                     dbg/qepn.o
QV_onIdle                                         dbg/bsp.o
                                                  dbg/qvn.o
Q_onAssert                                        dbg/bsp.o
                                                  dbg/qvn.o
                                                  dbg/qfn.o
                                                  dbg/qepn.o
RC5Process_ctor                                   dbg/rc5process.o
                                                  dbg/main.o
Refresher_ctor                                    dbg/refresher.o
                                                  dbg/main.o
__FUSE_REGION_LENGTH__                            c:/program files (x86)/atmel/studio/7.0/toolchain/avr8/avr8-gnu-toolchain/bin/../lib/gcc/avr/5.4.0/../../../../avr/lib/avr5/crtatmega32u4.o
__bad_interrupt                                   c:/program files (x86)/atmel/studio/7.0/toolchain/avr8/avr8-gnu-toolchain/bin/../lib/gcc/avr/5.4.0/../../../../avr/lib/avr5/crtatmega32u4.o
__bss_end                                         c:/program files (x86)/atmel/studio/7.0/toolchain/avr8/avr8-gnu-toolchain/bin/../lib/gcc/avr/5.4.0/avr5\libgcc.a(_clear_bss.o)
__bss_start                                       c:/program files (x86)/atmel/studio/7.0/toolchain/avr8/avr8-gnu-toolchain/bin/../lib/gcc/avr/5.4.0/avr5\libgcc.a(_clear_bss.o)
__data_end                                        c:/program files (x86)/atmel/studio/7.0/toolchain/avr8/avr8-gnu-toolchain/bin/../lib/gcc/avr/5.4.0/avr5\libgcc.a(_copy_data.o)
__data_load_start                                 c:/program files (x86)/atmel/studio/7.0/toolchain/avr8/avr8-gnu-toolchain/bin/../lib/gcc/avr/5.4.0/avr5\libgcc.a(_copy_data.o)
__data_start                                      c:/program files (x86)/atmel/studio/7.0/toolchain/avr8/avr8-gnu-toolchain/bin/../lib/gcc/avr/5.4.0/avr5\libgcc.a(_copy_data.o)
__do_clear_bss                                    c:/program files (x86)/atmel/studio/7.0/toolchain/avr8/avr8-gnu-toolchain/bin/../lib/gcc/avr/5.4.0/avr5\libgcc.a(_clear_bss.o)
                                                  dbg/qfn.o
                                                  dbg/refresher.o
                                                  dbg/rc5process.o
                                                  dbg/rc5.o
                                                  dbg/lllsys.o
                                                  dbg/lllrc5.o
                                                  dbg/main.o
                                                  dbg/blinky.o
__do_copy_data                                    c:/program files (x86)/atmel/studio/7.0/toolchain/avr8/avr8-gnu-toolchain/bin/../lib/gcc/avr/5.4.0/avr5\libgcc.a(_copy_data.o)
                                                  dbg/qfn.o
                                                  dbg/qepn.o
                                                  dbg/rc5.o
                                                  dbg/lllio.o
                                                  dbg/lllsys.o
                                                  dbg/lllrc5.o
__heap_end                                        c:/program files (x86)/atmel/studio/7.0/toolchain/avr8/avr8-gnu-toolchain/bin/../lib/gcc/avr/5.4.0/../../../../avr/lib/avr5/crtatmega32u4.o
__init                                            c:/program files (x86)/atmel/studio/7.0/toolchain/avr8/avr8-gnu-toolchain/bin/../lib/gcc/avr/5.4.0/../../../../avr/lib/avr5/crtatmega32u4.o
__stack                                           c:/program files (x86)/atmel/studio/7.0/toolchain/avr8/avr8-gnu-toolchain/bin/../lib/gcc/avr/5.4.0/../../../../avr/lib/avr5/crtatmega32u4.o
__vector_1                                        c:/program files (x86)/atmel/studio/7.0/toolchain/avr8/avr8-gnu-toolchain/bin/../lib/gcc/avr/5.4.0/../../../../avr/lib/avr5/crtatmega32u4.o
__vector_10                                       c:/program files (x86)/atmel/studio/7.0/toolchain/avr8/avr8-gnu-toolchain/bin/../lib/gcc/avr/5.4.0/../../../../avr/lib/avr5/crtatmega32u4.o
__vector_11                                       c:/program files (x86)/atmel/studio/7.0/toolchain/avr8/avr8-gnu-toolchain/bin/../lib/gcc/avr/5.4.0/../../../../avr/lib/avr5/crtatmega32u4.o
__vector_12                                       c:/program files (x86)/atmel/studio/7.0/toolchain/avr8/avr8-gnu-toolchain/bin/../lib/gcc/avr/5.4.0/../../../../avr/lib/avr5/crtatmega32u4.o
__vector_13                                       c:/program files (x86)/atmel/studio/7.0/toolchain/avr8/avr8-gnu-toolchain/bin/../lib/gcc/avr/5.4.0/../../../../avr/lib/avr5/crtatmega32u4.o
__vector_14                                       c:/program files (x86)/atmel/studio/7.0/toolchain/avr8/avr8-gnu-toolchain/bin/../lib/gcc/avr/5.4.0/../../../../avr/lib/avr5/crtatmega32u4.o
__vector_15                                       c:/program files (x86)/atmel/studio/7.0/toolchain/avr8/avr8-gnu-toolchain/bin/../lib/gcc/avr/5.4.0/../../../../avr/lib/avr5/crtatmega32u4.o
__vector_16                                       c:/program files (x86)/atmel/studio/7.0/toolchain/avr8/avr8-gnu-toolchain/bin/../lib/gcc/avr/5.4.0/../../../../avr/lib/avr5/crtatmega32u4.o
__vector_17                                       dbg/lllrc5.o
                                                  c:/program files (x86)/atmel/studio/7.0/toolchain/avr8/avr8-gnu-toolchain/bin/../lib/gcc/avr/5.4.0/../../../../avr/lib/avr5/crtatmega32u4.o
__vector_18                                       c:/program files (x86)/atmel/studio/7.0/toolchain/avr8/avr8-gnu-toolchain/bin/../lib/gcc/avr/5.4.0/../../../../avr/lib/avr5/crtatmega32u4.o
__vector_19                                       c:/program files (x86)/atmel/studio/7.0/toolchain/avr8/avr8-gnu-toolchain/bin/../lib/gcc/avr/5.4.0/../../../../avr/lib/avr5/crtatmega32u4.o
__vector_2                                        c:/program files (x86)/atmel/studio/7.0/toolchain/avr8/avr8-gnu-toolchain/bin/../lib/gcc/avr/5.4.0/../../../../avr/lib/avr5/crtatmega32u4.o
__vector_20                                       c:/program files (x86)/atmel/studio/7.0/toolchain/avr8/avr8-gnu-toolchain/bin/../lib/gcc/avr/5.4.0/../../../../avr/lib/avr5/crtatmega32u4.o
__vector_21                                       c:/program files (x86)/atmel/studio/7.0/toolchain/avr8/avr8-gnu-toolchain/bin/../lib/gcc/avr/5.4.0/../../../../avr/lib/avr5/crtatmega32u4.o
__vector_22                                       c:/program files (x86)/atmel/studio/7.0/toolchain/avr8/avr8-gnu-toolchain/bin/../lib/gcc/avr/5.4.0/../../../../avr/lib/avr5/crtatmega32u4.o
__vector_23                                       c:/program files (x86)/atmel/studio/7.0/toolchain/avr8/avr8-gnu-toolchain/bin/../lib/gcc/avr/5.4.0/../../../../avr/lib/avr5/crtatmega32u4.o
__vector_24                                       c:/program files (x86)/atmel/studio/7.0/toolchain/avr8/avr8-gnu-toolchain/bin/../lib/gcc/avr/5.4.0/../../../../avr/lib/avr5/crtatmega32u4.o
__vector_25                                       c:/program files (x86)/atmel/studio/7.0/toolchain/avr8/avr8-gnu-toolchain/bin/../lib/gcc/avr/5.4.0/../../../../avr/lib/avr5/crtatmega32u4.o
__vector_26                                       c:/program files (x86)/atmel/studio/7.0/toolchain/avr8/avr8-gnu-toolchain/bin/../lib/gcc/avr/5.4.0/../../../../avr/lib/avr5/crtatmega32u4.o
__vector_27                                       c:/program files (x86)/atmel/studio/7.0/toolchain/avr8/avr8-gnu-toolchain/bin/../lib/gcc/avr/5.4.0/../../../../avr/lib/avr5/crtatmega32u4.o
__vector_28                                       c:/program files (x86)/atmel/studio/7.0/toolchain/avr8/avr8-gnu-toolchain/bin/../lib/gcc/avr/5.4.0/../../../../avr/lib/avr5/crtatmega32u4.o
__vector_29                                       c:/program files (x86)/atmel/studio/7.0/toolchain/avr8/avr8-gnu-toolchain/bin/../lib/gcc/avr/5.4.0/../../../../avr/lib/avr5/crtatmega32u4.o
__vector_3                                        c:/program files (x86)/atmel/studio/7.0/toolchain/avr8/avr8-gnu-toolchain/bin/../lib/gcc/avr/5.4.0/../../../../avr/lib/avr5/crtatmega32u4.o
__vector_30                                       c:/program files (x86)/atmel/studio/7.0/toolchain/avr8/avr8-gnu-toolchain/bin/../lib/gcc/avr/5.4.0/../../../../avr/lib/avr5/crtatmega32u4.o
__vector_31                                       c:/program files (x86)/atmel/studio/7.0/toolchain/avr8/avr8-gnu-toolchain/bin/../lib/gcc/avr/5.4.0/../../../../avr/lib/avr5/crtatmega32u4.o
__vector_32                                       dbg/lllsys.o
                                                  c:/program files (x86)/atmel/studio/7.0/toolchain/avr8/avr8-gnu-toolchain/bin/../lib/gcc/avr/5.4.0/../../../../avr/lib/avr5/crtatmega32u4.o
__vector_33                                       c:/program files (x86)/atmel/studio/7.0/toolchain/avr8/avr8-gnu-toolchain/bin/../lib/gcc/avr/5.4.0/../../../../avr/lib/avr5/crtatmega32u4.o
__vector_34                                       c:/program files (x86)/atmel/studio/7.0/toolchain/avr8/avr8-gnu-toolchain/bin/../lib/gcc/avr/5.4.0/../../../../avr/lib/avr5/crtatmega32u4.o
__vector_35                                       c:/program files (x86)/atmel/studio/7.0/toolchain/avr8/avr8-gnu-toolchain/bin/../lib/gcc/avr/5.4.0/../../../../avr/lib/avr5/crtatmega32u4.o
__vector_36                                       c:/program files (x86)/atmel/studio/7.0/toolchain/avr8/avr8-gnu-toolchain/bin/../lib/gcc/avr/5.4.0/../../../../avr/lib/avr5/crtatmega32u4.o
__vector_37                                       c:/program files (x86)/atmel/studio/7.0/toolchain/avr8/avr8-gnu-toolchain/bin/../lib/gcc/avr/5.4.0/../../../../avr/lib/avr5/crtatmega32u4.o
__vector_38                                       c:/program files (x86)/atmel/studio/7.0/toolchain/avr8/avr8-gnu-toolchain/bin/../lib/gcc/avr/5.4.0/../../../../avr/lib/avr5/crtatmega32u4.o
__vector_39                                       c:/program files (x86)/atmel/studio/7.0/toolchain/avr8/avr8-gnu-toolchain/bin/../lib/gcc/avr/5.4.0/../../../../avr/lib/avr5/crtatmega32u4.o
__vector_4                                        c:/program files (x86)/atmel/studio/7.0/toolchain/avr8/avr8-gnu-toolchain/bin/../lib/gcc/avr/5.4.0/../../../../avr/lib/avr5/crtatmega32u4.o
__vector_40                                       c:/program files (x86)/atmel/studio/7.0/toolchain/avr8/avr8-gnu-toolchain/bin/../lib/gcc/avr/5.4.0/../../../../avr/lib/avr5/crtatmega32u4.o
__vector_41                                       c:/program files (x86)/atmel/studio/7.0/toolchain/avr8/avr8-gnu-toolchain/bin/../lib/gcc/avr/5.4.0/../../../../avr/lib/avr5/crtatmega32u4.o
__vector_42                                       c:/program files (x86)/atmel/studio/7.0/toolchain/avr8/avr8-gnu-toolchain/bin/../lib/gcc/avr/5.4.0/../../../../avr/lib/avr5/crtatmega32u4.o
__vector_5                                        c:/program files (x86)/atmel/studio/7.0/toolchain/avr8/avr8-gnu-toolchain/bin/../lib/gcc/avr/5.4.0/../../../../avr/lib/avr5/crtatmega32u4.o
__vector_6                                        c:/program files (x86)/atmel/studio/7.0/toolchain/avr8/avr8-gnu-toolchain/bin/../lib/gcc/avr/5.4.0/../../../../avr/lib/avr5/crtatmega32u4.o
__vector_7                                        dbg/lllrc5.o
                                                  c:/program files (x86)/atmel/studio/7.0/toolchain/avr8/avr8-gnu-toolchain/bin/../lib/gcc/avr/5.4.0/../../../../avr/lib/avr5/crtatmega32u4.o
__vector_8                                        c:/program files (x86)/atmel/studio/7.0/toolchain/avr8/avr8-gnu-toolchain/bin/../lib/gcc/avr/5.4.0/../../../../avr/lib/avr5/crtatmega32u4.o
__vector_9                                        dbg/lllsys.o
                                                  c:/program files (x86)/atmel/studio/7.0/toolchain/avr8/avr8-gnu-toolchain/bin/../lib/gcc/avr/5.4.0/../../../../avr/lib/avr5/crtatmega32u4.o
__vector_default                                  c:/program files (x86)/atmel/studio/7.0/toolchain/avr8/avr8-gnu-toolchain/bin/../lib/gcc/avr/5.4.0/../../../../avr/lib/avr5/crtatmega32u4.o
__vectors                                         c:/program files (x86)/atmel/studio/7.0/toolchain/avr8/avr8-gnu-toolchain/bin/../lib/gcc/avr/5.4.0/../../../../avr/lib/avr5/crtatmega32u4.o
_exit                                             c:/program files (x86)/atmel/studio/7.0/toolchain/avr8/avr8-gnu-toolchain/bin/../lib/gcc/avr/5.4.0/avr5\libgcc.a(_exit.o)
exit                                              c:/program files (x86)/atmel/studio/7.0/toolchain/avr8/avr8-gnu-toolchain/bin/../lib/gcc/avr/5.4.0/avr5\libgcc.a(_exit.o)
                                                  c:/program files (x86)/atmel/studio/7.0/toolchain/avr8/avr8-gnu-toolchain/bin/../lib/gcc/avr/5.4.0/../../../../avr/lib/avr5/crtatmega32u4.o
lllioButtonsStateControl                          dbg/lllio.o
lllioGetButton1State                              dbg/lllio.o
lllioGetButton2State                              dbg/lllio.o
lllioInitButtons                                  dbg/lllio.o
lllioInitLeds                                     dbg/lllio.o
                                                  dbg/bsp.o
lllioInitRefresher                                dbg/lllio.o
                                                  dbg/bsp.o
lllioRefresherOff                                 dbg/lllio.o
                                                  dbg/refresher.o
lllioRefresherOn                                  dbg/lllio.o
                                                  dbg/refresher.o
lllioSetLEDState                                  dbg/lllio.o
                                                  dbg/refresher.o
                                                  dbg/bsp.o
lllioToggleGreenLed                               dbg/lllio.o
lllioToggleRedLed                                 dbg/lllio.o
                                                  dbg/refresher.o
lllrc5DisableDecoder                              dbg/lllrc5.o
lllrc5GetDataFrames                               dbg/lllrc5.o
                                                  dbg/rc5.o
lllrc5InitModule                                  dbg/lllrc5.o
                                                  dbg/rc5.o
                                                  dbg/bsp.o
lllrc5dataCompleteCallbackRegister                dbg/lllrc5.o
                                                  dbg/rc5.o
lllsysDisableInterrupts                           dbg/lllsys.o
                                                  dbg/rc5.o
lllsysEnableInterrupts                            dbg/lllsys.o
                                                  dbg/rc5.o
                                                  dbg/bsp.o
lllsysGoIntoSleepMode                             dbg/lllsys.o
lllsysInitOtherPeripherals                        dbg/lllsys.o
lllsysRegisterTimersCtrlTable                     dbg/lllsys.o
lllsysRegisterWakeUpCallback                      dbg/lllsys.o
lllsysSleepAndWakeUpInit                          dbg/lllsys.o
                                                  dbg/bsp.o
main                                              dbg/main.o
                                                  c:/program files (x86)/atmel/studio/7.0/toolchain/avr8/avr8-gnu-toolchain/bin/../lib/gcc/avr/5.4.0/../../../../avr/lib/avr5/crtatmega32u4.o
rc5DisableDecoder                                 dbg/rc5.o
rc5EnableDecoder                                  dbg/rc5.o
rc5GetCommand                                     dbg/rc5.o
                                                  dbg/rc5process.o
rc5InitDecoder                                    dbg/rc5.o
                                                  dbg/bsp.o
rc5SetDevicesAddress                              dbg/rc5.o
rc5framesLocal                                    dbg/rc5.o
